NumericUnderscoresFail0.hs:9:5: error:
NumericUnderscoresFail0.hs:11:13: error:
NumericUnderscoresFail0.hs:11:20: error:
NumericUnderscoresFail0.hs:12:13: error:
