
T14591.hs:11:23: error: Variable not in scope: x
