
T14590.hs:4:13: warning: [-Wtyped-holes (in -Wdefault)]
    • Found hole: _ :: Int -> Int -> Int
    • In the expression: _
      In the expression: x `_`
      In the expression: (x `_`) y
    • Relevant bindings include
        y :: Int (bound at T14590.hs:4:6)
        x :: Int (bound at T14590.hs:4:4)
        f1 :: Int -> Int -> Int (bound at T14590.hs:4:1)
      Valid substitutions include
        (-) :: forall a. Num a => a -> a -> a
          (imported from ‘Prelude’ at T14590.hs:1:8-13
           (and originally defined in ‘GHC.Num’))
        asTypeOf :: forall a. a -> a -> a
          (imported from ‘Prelude’ at T14590.hs:1:8-13
           (and originally defined in ‘GHC.Base’))
        const :: forall a b. a -> b -> a
          (imported from ‘Prelude’ at T14590.hs:1:8-13
           (and originally defined in ‘GHC.Base’))
        (*) :: forall a. Num a => a -> a -> a
          (imported from ‘Prelude’ at T14590.hs:1:8-13
           (and originally defined in ‘GHC.Num’))
        (+) :: forall a. Num a => a -> a -> a
          (imported from ‘Prelude’ at T14590.hs:1:8-13
           (and originally defined in ‘GHC.Num’))
        subtract :: forall a. Num a => a -> a -> a
          (imported from ‘Prelude’ at T14590.hs:1:8-13
           (and originally defined in ‘GHC.Num’))
        (^) :: forall a b. (Num a, Integral b) => a -> b -> a
          (imported from ‘Prelude’ at T14590.hs:1:8-13
           (and originally defined in ‘GHC.Real’))
        div :: forall a. Integral a => a -> a -> a
          (imported from ‘Prelude’ at T14590.hs:1:8-13
           (and originally defined in ‘GHC.Real’))
        gcd :: forall a. Integral a => a -> a -> a
          (imported from ‘Prelude’ at T14590.hs:1:8-13
           (and originally defined in ‘GHC.Real’))
        lcm :: forall a. Integral a => a -> a -> a
          (imported from ‘Prelude’ at T14590.hs:1:8-13
           (and originally defined in ‘GHC.Real’))
        mod :: forall a. Integral a => a -> a -> a
          (imported from ‘Prelude’ at T14590.hs:1:8-13
           (and originally defined in ‘GHC.Real’))
        quot :: forall a. Integral a => a -> a -> a
          (imported from ‘Prelude’ at T14590.hs:1:8-13
           (and originally defined in ‘GHC.Real’))
        rem :: forall a. Integral a => a -> a -> a
          (imported from ‘Prelude’ at T14590.hs:1:8-13
           (and originally defined in ‘GHC.Real’))
        undefined :: forall (a :: TYPE r).
                     GHC.Stack.Types.HasCallStack =>
                     a
          (imported from ‘Prelude’ at T14590.hs:1:8-13
           (and originally defined in ‘GHC.Err’))
        max :: forall a. Ord a => a -> a -> a
          (imported from ‘Prelude’ at T14590.hs:1:8-13
           (and originally defined in ‘GHC.Classes’))
        min :: forall a. Ord a => a -> a -> a
          (imported from ‘Prelude’ at T14590.hs:1:8-13
           (and originally defined in ‘GHC.Classes’))
        seq :: forall a b. a -> b -> b
          (imported from ‘Prelude’ at T14590.hs:1:8-13
           (and originally defined in ‘GHC.Prim’))

T14590.hs:5:13: warning: [-Wtyped-holes (in -Wdefault)]
    • Found hole: _a :: Int -> Int -> Int
      Or perhaps ‘_a’ is mis-spelled, or not in scope
    • In the expression: _a
      In the expression: x `_a`
      In the expression: (x `_a`) y
    • Relevant bindings include
        y :: Int (bound at T14590.hs:5:6)
        x :: Int (bound at T14590.hs:5:4)
        f2 :: Int -> Int -> Int (bound at T14590.hs:5:1)
      Valid substitutions include
        f1 :: Int -> Int -> Int (defined at T14590.hs:4:1)
        (-) :: forall a. Num a => a -> a -> a
          (imported from ‘Prelude’ at T14590.hs:1:8-13
           (and originally defined in ‘GHC.Num’))
        asTypeOf :: forall a. a -> a -> a
          (imported from ‘Prelude’ at T14590.hs:1:8-13
           (and originally defined in ‘GHC.Base’))
        const :: forall a b. a -> b -> a
          (imported from ‘Prelude’ at T14590.hs:1:8-13
           (and originally defined in ‘GHC.Base’))
        (*) :: forall a. Num a => a -> a -> a
          (imported from ‘Prelude’ at T14590.hs:1:8-13
           (and originally defined in ‘GHC.Num’))
        (+) :: forall a. Num a => a -> a -> a
          (imported from ‘Prelude’ at T14590.hs:1:8-13
           (and originally defined in ‘GHC.Num’))
        subtract :: forall a. Num a => a -> a -> a
          (imported from ‘Prelude’ at T14590.hs:1:8-13
           (and originally defined in ‘GHC.Num’))
        (^) :: forall a b. (Num a, Integral b) => a -> b -> a
          (imported from ‘Prelude’ at T14590.hs:1:8-13
           (and originally defined in ‘GHC.Real’))
        div :: forall a. Integral a => a -> a -> a
          (imported from ‘Prelude’ at T14590.hs:1:8-13
           (and originally defined in ‘GHC.Real’))
        gcd :: forall a. Integral a => a -> a -> a
          (imported from ‘Prelude’ at T14590.hs:1:8-13
           (and originally defined in ‘GHC.Real’))
        lcm :: forall a. Integral a => a -> a -> a
          (imported from ‘Prelude’ at T14590.hs:1:8-13
           (and originally defined in ‘GHC.Real’))
        mod :: forall a. Integral a => a -> a -> a
          (imported from ‘Prelude’ at T14590.hs:1:8-13
           (and originally defined in ‘GHC.Real’))
        quot :: forall a. Integral a => a -> a -> a
          (imported from ‘Prelude’ at T14590.hs:1:8-13
           (and originally defined in ‘GHC.Real’))
        rem :: forall a. Integral a => a -> a -> a
          (imported from ‘Prelude’ at T14590.hs:1:8-13
           (and originally defined in ‘GHC.Real’))
        undefined :: forall (a :: TYPE r).
                     GHC.Stack.Types.HasCallStack =>
                     a
          (imported from ‘Prelude’ at T14590.hs:1:8-13
           (and originally defined in ‘GHC.Err’))
        max :: forall a. Ord a => a -> a -> a
          (imported from ‘Prelude’ at T14590.hs:1:8-13
           (and originally defined in ‘GHC.Classes’))
        min :: forall a. Ord a => a -> a -> a
          (imported from ‘Prelude’ at T14590.hs:1:8-13
           (and originally defined in ‘GHC.Classes’))
        seq :: forall a b. a -> b -> b
          (imported from ‘Prelude’ at T14590.hs:1:8-13
           (and originally defined in ‘GHC.Prim’))

T14590.hs:6:11: warning: [-Wtyped-holes (in -Wdefault)]
    • Found hole: _ :: Int -> Int -> Int
    • In the expression: _
      In the expression: `_` x
      In the expression: (`_` x) y
    • Relevant bindings include
        y :: Int (bound at T14590.hs:6:6)
        x :: Int (bound at T14590.hs:6:4)
        f3 :: Int -> Int -> Int (bound at T14590.hs:6:1)
      Valid substitutions include
        f1 :: Int -> Int -> Int (defined at T14590.hs:4:1)
        f2 :: Int -> Int -> Int (defined at T14590.hs:5:1)
        (-) :: forall a. Num a => a -> a -> a
          (imported from ‘Prelude’ at T14590.hs:1:8-13
           (and originally defined in ‘GHC.Num’))
        asTypeOf :: forall a. a -> a -> a
          (imported from ‘Prelude’ at T14590.hs:1:8-13
           (and originally defined in ‘GHC.Base’))
        const :: forall a b. a -> b -> a
          (imported from ‘Prelude’ at T14590.hs:1:8-13
           (and originally defined in ‘GHC.Base’))
        (*) :: forall a. Num a => a -> a -> a
          (imported from ‘Prelude’ at T14590.hs:1:8-13
           (and originally defined in ‘GHC.Num’))
        (+) :: forall a. Num a => a -> a -> a
          (imported from ‘Prelude’ at T14590.hs:1:8-13
           (and originally defined in ‘GHC.Num’))
        subtract :: forall a. Num a => a -> a -> a
          (imported from ‘Prelude’ at T14590.hs:1:8-13
           (and originally defined in ‘GHC.Num’))
        (^) :: forall a b. (Num a, Integral b) => a -> b -> a
          (imported from ‘Prelude’ at T14590.hs:1:8-13
           (and originally defined in ‘GHC.Real’))
        div :: forall a. Integral a => a -> a -> a
          (imported from ‘Prelude’ at T14590.hs:1:8-13
           (and originally defined in ‘GHC.Real’))
        gcd :: forall a. Integral a => a -> a -> a
          (imported from ‘Prelude’ at T14590.hs:1:8-13
           (and originally defined in ‘GHC.Real’))
        lcm :: forall a. Integral a => a -> a -> a
          (imported from ‘Prelude’ at T14590.hs:1:8-13
           (and originally defined in ‘GHC.Real’))
        mod :: forall a. Integral a => a -> a -> a
          (imported from ‘Prelude’ at T14590.hs:1:8-13
           (and originally defined in ‘GHC.Real’))
        quot :: forall a. Integral a => a -> a -> a
          (imported from ‘Prelude’ at T14590.hs:1:8-13
           (and originally defined in ‘GHC.Real’))
        rem :: forall a. Integral a => a -> a -> a
          (imported from ‘Prelude’ at T14590.hs:1:8-13
           (and originally defined in ‘GHC.Real’))
        undefined :: forall (a :: TYPE r).
                     GHC.Stack.Types.HasCallStack =>
                     a
          (imported from ‘Prelude’ at T14590.hs:1:8-13
           (and originally defined in ‘GHC.Err’))
        max :: forall a. Ord a => a -> a -> a
          (imported from ‘Prelude’ at T14590.hs:1:8-13
           (and originally defined in ‘GHC.Classes’))
        min :: forall a. Ord a => a -> a -> a
          (imported from ‘Prelude’ at T14590.hs:1:8-13
           (and originally defined in ‘GHC.Classes’))
        seq :: forall a b. a -> b -> b
          (imported from ‘Prelude’ at T14590.hs:1:8-13
           (and originally defined in ‘GHC.Prim’))

T14590.hs:7:11: warning: [-Wtyped-holes (in -Wdefault)]
    • Found hole: _a :: Int -> Int -> Int
      Or perhaps ‘_a’ is mis-spelled, or not in scope
    • In the expression: _a
      In the expression: `_a` x
      In the expression: (`_a` x) y
    • Relevant bindings include
        y :: Int (bound at T14590.hs:7:6)
        x :: Int (bound at T14590.hs:7:4)
        f4 :: Int -> Int -> Int (bound at T14590.hs:7:1)
      Valid substitutions include
        f1 :: Int -> Int -> Int (defined at T14590.hs:4:1)
        f2 :: Int -> Int -> Int (defined at T14590.hs:5:1)
        f3 :: Int -> Int -> Int (defined at T14590.hs:6:1)
        (-) :: forall a. Num a => a -> a -> a
          (imported from ‘Prelude’ at T14590.hs:1:8-13
           (and originally defined in ‘GHC.Num’))
        asTypeOf :: forall a. a -> a -> a
          (imported from ‘Prelude’ at T14590.hs:1:8-13
           (and originally defined in ‘GHC.Base’))
        const :: forall a b. a -> b -> a
          (imported from ‘Prelude’ at T14590.hs:1:8-13
           (and originally defined in ‘GHC.Base’))
        (*) :: forall a. Num a => a -> a -> a
          (imported from ‘Prelude’ at T14590.hs:1:8-13
           (and originally defined in ‘GHC.Num’))
        (+) :: forall a. Num a => a -> a -> a
          (imported from ‘Prelude’ at T14590.hs:1:8-13
           (and originally defined in ‘GHC.Num’))
        subtract :: forall a. Num a => a -> a -> a
          (imported from ‘Prelude’ at T14590.hs:1:8-13
           (and originally defined in ‘GHC.Num’))
        (^) :: forall a b. (Num a, Integral b) => a -> b -> a
          (imported from ‘Prelude’ at T14590.hs:1:8-13
           (and originally defined in ‘GHC.Real’))
        div :: forall a. Integral a => a -> a -> a
          (imported from ‘Prelude’ at T14590.hs:1:8-13
           (and originally defined in ‘GHC.Real’))
        gcd :: forall a. Integral a => a -> a -> a
          (imported from ‘Prelude’ at T14590.hs:1:8-13
           (and originally defined in ‘GHC.Real’))
        lcm :: forall a. Integral a => a -> a -> a
          (imported from ‘Prelude’ at T14590.hs:1:8-13
           (and originally defined in ‘GHC.Real’))
        mod :: forall a. Integral a => a -> a -> a
          (imported from ‘Prelude’ at T14590.hs:1:8-13
           (and originally defined in ‘GHC.Real’))
        quot :: forall a. Integral a => a -> a -> a
          (imported from ‘Prelude’ at T14590.hs:1:8-13
           (and originally defined in ‘GHC.Real’))
        rem :: forall a. Integral a => a -> a -> a
          (imported from ‘Prelude’ at T14590.hs:1:8-13
           (and originally defined in ‘GHC.Real’))
        undefined :: forall (a :: TYPE r).
                     GHC.Stack.Types.HasCallStack =>
                     a
          (imported from ‘Prelude’ at T14590.hs:1:8-13
           (and originally defined in ‘GHC.Err’))
        max :: forall a. Ord a => a -> a -> a
          (imported from ‘Prelude’ at T14590.hs:1:8-13
           (and originally defined in ‘GHC.Classes’))
        min :: forall a. Ord a => a -> a -> a
          (imported from ‘Prelude’ at T14590.hs:1:8-13
           (and originally defined in ‘GHC.Classes’))
        seq :: forall a b. a -> b -> b
          (imported from ‘Prelude’ at T14590.hs:1:8-13
           (and originally defined in ‘GHC.Prim’))
