Rule fired: Class op signum (BUILTIN)
Rule fired: Class op abs (BUILTIN)
Rule fired: Class op heq_sel (BUILTIN)
Rule fired: normalize/Double (T7837)
